STANDALONE verification of the sub-Dittert certificate
(standard library only; shares no code with the pipeline)
==========================================================================
certificate: (n,k) = (5,2), 25 variables, Gram size 25
[1] sigma_k: direct subpermanent enumeration vs Ryser on per(A+xJ), 4 matrices: AGREE
[2] bound M in the file = 48/25, 2 - 2!/5^2 = 48/25: MATCH
[3] identity by FULL coefficient comparison over Q: certificate 325 monomials, F 325 monomials -> IDENTICAL
[4] exact rational LDL^T:
    all 26 Gram matrices symmetric: True
    G0 positive definite: True, min pivot 3.194757e-03
    all 25 multiplier Grams positive definite: True, min pivot 6.949895e-04
[5] mutation tests (each MUST be rejected)
    G0[0][0] += 1e-20: REJECTED (good)
    Gp[0][1][1] += 1e-20: REJECTED (good)
    one lambda coefficient += 1e-20: REJECTED (good)
    G0[0][0] := -1 must lose definiteness: REJECTED (good)
[6] F(0) = 0 (equality is attained at J_n/n): OK

  PASS  sigma_k two algorithms
  PASS  bound value
  PASS  polynomial identity
  PASS  positive definiteness
  PASS  mutation tests reject
  PASS  equality at the barycentre

==========================================================================
VERIFIED.  For every A in K_5:
    E_2(r) + E_2(c) - P_2(A)  <=  48/25  = 2 - 2!/5^2
with equality if and only if A = J_5/5.
==========================================================================
