[guard] MemoryMax=8G  swap=off  CPUQuota=400%  threads=4
G1  the normalised Bernstein form  d_j = dE_j + gamma(n,k)(Q_{j+1}-Q_j)
    [ok  ] Q-form d-vector == reduce_scan_b2 literal form (exact)   36/36
    [ok  ] d_0 = 0 identically on K_n   36/36
    [ok  ] sum_j d_j = F_{n,k} = 2 - gamma - Phi_k   36/36
    [ok  ] Bernstein form evaluates Phi_k(A_t) exactly at t = 1/3   36/36
    [caught] mutant sign-flipped gamma
    [caught] mutant index-shifted Q
    [caught] mutant dE dropped
    [caught] mutant Q_1 != 1 would break d_0 = 0

G2  Theorem R:  min over k of d_j^{(k,n)} is at k = j+1
    [ok  ] gamma(n,k) = k!/n^k nonincreasing in k on 1..n, n = 2..39 (exact)
    [ok  ] gamma(n,n-1) = gamma(n,n) exactly (the tie at the top)
    [ok  ] (min_k d_j >= 0) <=> (d_j at k=j+1 >= 0), exact   72/72
    [caught] mutant 'k = n decides'   k=2 gives -3.00e-04, k=n gives +1.16e-04
    [caught] mutant 'k = j+1 decides' is the one that survives the same input

G3  Theorem D1:  d_1 >= 0 on K_n for every 2 <= k <= n, equality only at J/n
    [ok  ] closed form  d_1 = X/(n(n-1)) + gamma(F-1-X)/(n-1)^2  (exact)   224/224
    [ok  ] d_1 >= 0 at every tested point   224/224
    [ok  ] coefficient of X is >= 0 for every 2 <= k <= n <= 39 (exact)
    [ok  ] the bound is tight only at (n,k) = (2,2)
    [ok  ] X >= 0 (Cauchy-Schwarz on the line sums) at every tested point
    [ok  ] F = ||A||_F^2 >= 1 at every tested point
    [ok  ] d_1 = 0 exactly at J_n/n
    [ok  ] d_1 > 0 off J_n/n (identity, one cell, a permutation mixture)
    [caught] mutant closed form with (n-1) instead of (n-1)^2
    [caught] mutant 'coefficient of X >= 0' fails if the k!/n^k factor is dropped

G4  Theorem E:  A* = (I + C)/2 (C the n-cycle) has d_{n-1} = 0 at k = n
    [ok  ] sigma_{n-1}(A*) = n^2 per(A*) and per(A*) = 2^{1-n}, n = 3..8   6/6
    [ok  ] d_{n-1}(A*) = 0 at k = n, and d_j > 0 for 1 <= j <= n-2   6/6
    [ok  ] A* is an exact first-order local minimum of V_{n,n} on K_n   6/6
    [ok  ] A* is NOT a zero of the Cheon-Hwang deficit (only the top layer vanishes)
    [caught] mutant (I + T)/2 with T a TRANSPOSITION is not an equality point

G5  the KILL:  exact witnesses with d_{n-1} < 0 at k = n; (B) refuted
    [ok  ] W_3 in K_3
    [ok  ] d(W_3) = [0, 11/72, -1/16]  ->  D-VECTOR CONJECTURE FALSE   ['0', '11/72', '-1/16']
    [ok  ] per(W_3) = 0 (Frobenius-Koenig), sigma_2(W_3) = 9/4
    [ok  ] f'(0) = 3 d_2 = -3/16 < 0
    [ok  ] f(9/53) = 4698/2809 < f(0) = 27/16  ->  (B) REFUTED
    [ok  ] the dip is exactly 675/44944
    [ok  ] f(1) = 2 - 6/27 = 16/9 (endpoint unchanged)
    [ok  ] CHEON-HWANG STILL HOLDS at W_3: Phi_3(W_3) = 27/16 < 16/9
    [ok  ] f is monotone on NEITHER side of t*: f(1/10) < f(0) and f(1/2) > f(1/5)
    [ok  ] W_4 in K_4
    [ok  ] d_3(W_4) = -35/5184 < 0 at k = 4
    [ok  ] per(W_4) = 0
    [ok  ] CHEON-HWANG STILL HOLDS at W_4
    [ok  ] W_5 in K_5
    [ok  ] d_4(W_5) = -25/5184 < 0 at k = 5
    [ok  ] per(W_5) = 0
    [ok  ] CHEON-HWANG STILL HOLDS at W_5
    [ok  ] W_5: no negative d_j for j < 4, and d_{k-1} >= 0 for every k < 5
    [ok  ] no negative d_j at W_3, W_4 for j < n-1
    [ok  ] at k < n the same witnesses give d_{k-1} >= 0
    [caught] mutant W_3 scaled off K_3 is not a valid witness (d_0 detects it)
    [caught] mutant a permutation matrix is not a witness

VERIFIER: ALL GRADES PASS
