=== EARLY-EXIT COMPARISON ARM at (k = 4, n = 4) ===
SOLVER.md S.6 discipline: this arm runs ALONGSIDE the baseline purely to
compare VERDICTS.  The certificate comes from the baseline arm only.
  (k=4, n=4): B = 152, rows = 80, vars = 51/339/33 = 423, NO canonical blocks
  rank A2 = 33, left-null dim = 47
  reduced system 47 x 390: rank 46, kernel dim 344
  raw design: 2 assembled 152x152 blocks, 344 directions (0 s)
  round 0 scaling: block eigenvalue span [-1.125e+01, +4.187e+00], dscale ratio 5.400e+01
  early-exit phase I: 18 rungs, 976 s, least block eigenvalue +5.605223233e-04
  VERDICT: FLOAT FEASIBLE
  exact rounding ladder (comparison arm):
    sigma_0  G0: NOT positive definite, pivot 1 = -145492109/20784559
    sig   6: S w = rhs True, both assembled Grams PD False, pivot +1.000000e+00 (0 s)
    sigma_0  G0: NOT positive definite, pivot 1 = -685892121/35209128746
    sig   8: S w = rhs True, both assembled Grams PD False, pivot +1.000000e+00 (0 s)
    sigma_0  G0: NOT positive definite, pivot 107 = -6479231192085778500825287477296871946327226458675378238248887953044674923420274173279029147736658848653515501240143616433258336676772432449351099/383110264704214663123187198746959778469434730755445840104125681756763423795552455591504682162010616418530727553856933142993459040061608489104503360
    sig  10: S w = rhs True, both assembled Grams PD False, pivot +1.070000e+02 (4 s)
    sigma_0  G0: POSITIVE DEFINITE over Q, least pivot 3498575722760374391173697193623750833412314132790269660711333674470756002048028821732630838573403039728/912531342098681085660128810431005179039012537578353823408985784495076633629984002727207970259914707540525 = 3.833924e-03  (6 s)
    sigma_11 H : POSITIVE DEFINITE over Q, least pivot 22498655881301055279647359299750191853324601753485943633686752550656408835525767826199949240362844130563571791993765685192597133987328820853376056691397127036136908158368398636058075934405006504014061715679309630825127768822171/5282254247662537020525320262716166128233560042204218637702129300105585130715388544550211651225830568223718709119167341780424581115086969407378313297467520051693059572702252949796006177369950892867040953623917119033877923157444745 = 4.259291e-03  (6 s)
    sig  12: S w = rhs True, both assembled Grams PD True, pivot +3.833924e-03 (12 s)
  comparison arm exact: sig 12, least assembled pivot 0.0038339239008648085
