[guard] MemoryMax=3G  swap=off  CPUQuota=200%  threads=2
n= 6 k= 5 perm            t in [-1/5, 1]  root-free pieces=1 unresolved=0  p_k > 0 anywhere: False
n= 6 k= 5 circ-all-but-0  t in [-5, 1]  root-free pieces=1 unresolved=0  p_k > 0 anywhere: False
n= 6 k= 5 circ01          t in [-1/2, 1]  root-free pieces=1 unresolved=0  p_k > 0 anywhere: False
n= 6 k= 5 intercalate     t in [-1/6, 1/6]  root-free pieces=1 unresolved=0  p_k > 0 anywhere: False
n= 6 k= 5 blockJ:2+rest   t in [-1/2, 1]  root-free pieces=1 unresolved=0  p_k > 0 anywhere: False
n= 7 k= 5 perm            t in [-1/6, 1]  root-free pieces=1 unresolved=0  p_k > 0 anywhere: False
n= 7 k= 6 perm            t in [-1/6, 1]  root-free pieces=1 unresolved=0  p_k > 0 anywhere: False
n= 7 k= 5 circ-all-but-0  t in [-6, 1]  root-free pieces=1 unresolved=0  p_k > 0 anywhere: False
n= 7 k= 6 circ-all-but-0  t in [-6, 1]  root-free pieces=1 unresolved=0  p_k > 0 anywhere: False
n= 7 k= 5 circ01          t in [-2/5, 1]  root-free pieces=1 unresolved=0  p_k > 0 anywhere: False
n= 7 k= 6 circ01          t in [-2/5, 1]  root-free pieces=1 unresolved=0  p_k > 0 anywhere: False
n= 7 k= 5 intercalate     t in [-1/7, 1/7]  root-free pieces=1 unresolved=0  p_k > 0 anywhere: False
n= 7 k= 6 intercalate     t in [-1/7, 1/7]  root-free pieces=1 unresolved=0  p_k > 0 anywhere: False
n= 7 k= 5 blockJ:2+rest   t in [-2/5, 1]  root-free pieces=1 unresolved=0  p_k > 0 anywhere: False
n= 7 k= 6 blockJ:2+rest   t in [-2/5, 1]  root-free pieces=1 unresolved=0  p_k > 0 anywhere: False
n= 8 k= 5 perm            t in [-1/7, 1]  root-free pieces=1 unresolved=0  p_k > 0 anywhere: False
n= 8 k= 6 perm            t in [-1/7, 1]  root-free pieces=1 unresolved=0  p_k > 0 anywhere: False
n= 8 k= 7 perm            t in [-1/7, 1]  root-free pieces=1 unresolved=0  p_k > 0 anywhere: False
n= 8 k= 5 circ-all-but-0  t in [-7, 1]  root-free pieces=1 unresolved=0  p_k > 0 anywhere: False
n= 8 k= 6 circ-all-but-0  t in [-7, 1]  root-free pieces=1 unresolved=0  p_k > 0 anywhere: False
n= 8 k= 7 circ-all-but-0  t in [-7, 1]  root-free pieces=1 unresolved=0  p_k > 0 anywhere: False
n= 8 k= 5 circ01          t in [-1/3, 1]  root-free pieces=1 unresolved=0  p_k > 0 anywhere: False
n= 8 k= 6 circ01          t in [-1/3, 1]  root-free pieces=1 unresolved=0  p_k > 0 anywhere: False
n= 8 k= 7 circ01          t in [-1/3, 1]  root-free pieces=1 unresolved=0  p_k > 0 anywhere: False
n= 8 k= 5 intercalate     t in [-1/8, 1/8]  root-free pieces=1 unresolved=0  p_k > 0 anywhere: False
n= 8 k= 6 intercalate     t in [-1/8, 1/8]  root-free pieces=1 unresolved=0  p_k > 0 anywhere: False
n= 8 k= 7 intercalate     t in [-1/8, 1/8]  root-free pieces=1 unresolved=0  p_k > 0 anywhere: False
n= 8 k= 5 blockJ:2+rest   t in [-1/3, 1]  root-free pieces=1 unresolved=0  p_k > 0 anywhere: False
n= 8 k= 6 blockJ:2+rest   t in [-1/3, 1]  root-free pieces=1 unresolved=0  p_k > 0 anywhere: False
n= 8 k= 7 blockJ:2+rest   t in [-1/3, 1]  root-free pieces=1 unresolved=0  p_k > 0 anywhere: False
n= 9 k= 5 perm            t in [-1/8, 1]  root-free pieces=1 unresolved=0  p_k > 0 anywhere: False
n= 9 k= 6 perm            t in [-1/8, 1]  root-free pieces=1 unresolved=0  p_k > 0 anywhere: False
n= 9 k= 7 perm            t in [-1/8, 1]  root-free pieces=1 unresolved=0  p_k > 0 anywhere: False
n= 9 k= 8 perm            t in [-1/8, 1]  root-free pieces=1 unresolved=0  p_k > 0 anywhere: False
n= 9 k= 5 circ-all-but-0  t in [-8, 1]  root-free pieces=1 unresolved=0  p_k > 0 anywhere: False
n= 9 k= 6 circ-all-but-0  t in [-8, 1]  root-free pieces=1 unresolved=0  p_k > 0 anywhere: False
n= 9 k= 7 circ-all-but-0  t in [-8, 1]  root-free pieces=1 unresolved=0  p_k > 0 anywhere: False
n= 9 k= 8 circ-all-but-0  t in [-8, 1]  root-free pieces=1 unresolved=0  p_k > 0 anywhere: False
n= 9 k= 5 circ01          t in [-2/7, 1]  root-free pieces=1 unresolved=0  p_k > 0 anywhere: False
n= 9 k= 6 circ01          t in [-2/7, 1]  root-free pieces=1 unresolved=0  p_k > 0 anywhere: False
n= 9 k= 7 circ01          t in [-2/7, 1]  root-free pieces=1 unresolved=0  p_k > 0 anywhere: False
n= 9 k= 8 circ01          t in [-2/7, 1]  root-free pieces=1 unresolved=0  p_k > 0 anywhere: False
n= 9 k= 5 intercalate     t in [-1/9, 1/9]  root-free pieces=1 unresolved=0  p_k > 0 anywhere: False
n= 9 k= 6 intercalate     t in [-1/9, 1/9]  root-free pieces=1 unresolved=0  p_k > 0 anywhere: False
n= 9 k= 7 intercalate     t in [-1/9, 1/9]  root-free pieces=1 unresolved=0  p_k > 0 anywhere: False
n= 9 k= 8 intercalate     t in [-1/9, 1/9]  root-free pieces=1 unresolved=0  p_k > 0 anywhere: False
n= 9 k= 5 blockJ:2+rest   t in [-2/7, 1]  root-free pieces=1 unresolved=0  p_k > 0 anywhere: False
n= 9 k= 6 blockJ:2+rest   t in [-2/7, 1]  root-free pieces=1 unresolved=0  p_k > 0 anywhere: False
n= 9 k= 7 blockJ:2+rest   t in [-2/7, 1]  root-free pieces=1 unresolved=0  p_k > 0 anywhere: False
n= 9 k= 8 blockJ:2+rest   t in [-2/7, 1]  root-free pieces=1 unresolved=0  p_k > 0 anywhere: False
n=10 k= 5 perm            t in [-1/9, 1]  root-free pieces=1 unresolved=0  p_k > 0 anywhere: False
n=10 k= 6 perm            t in [-1/9, 1]  root-free pieces=1 unresolved=0  p_k > 0 anywhere: False
n=10 k= 7 perm            t in [-1/9, 1]  root-free pieces=1 unresolved=0  p_k > 0 anywhere: False
n=10 k= 8 perm            t in [-1/9, 1]  root-free pieces=1 unresolved=0  p_k > 0 anywhere: False
n=10 k= 9 perm            t in [-1/9, 1]  root-free pieces=1 unresolved=0  p_k > 0 anywhere: False
n=10 k= 5 circ-all-but-0  t in [-9, 1]  root-free pieces=1 unresolved=0  p_k > 0 anywhere: False
n=10 k= 6 circ-all-but-0  t in [-9, 1]  root-free pieces=1 unresolved=0  p_k > 0 anywhere: False
n=10 k= 7 circ-all-but-0  t in [-9, 1]  root-free pieces=1 unresolved=0  p_k > 0 anywhere: False
n=10 k= 8 circ-all-but-0  t in [-9, 1]  root-free pieces=1 unresolved=0  p_k > 0 anywhere: False
n=10 k= 9 circ-all-but-0  t in [-9, 1]  root-free pieces=1 unresolved=0  p_k > 0 anywhere: False
n=10 k= 5 circ01          t in [-1/4, 1]  root-free pieces=1 unresolved=0  p_k > 0 anywhere: False
n=10 k= 6 circ01          t in [-1/4, 1]  root-free pieces=1 unresolved=0  p_k > 0 anywhere: False
n=10 k= 7 circ01          t in [-1/4, 1]  root-free pieces=1 unresolved=0  p_k > 0 anywhere: False
n=10 k= 8 circ01          t in [-1/4, 1]  root-free pieces=1 unresolved=0  p_k > 0 anywhere: False
n=10 k= 9 circ01          t in [-1/4, 1]  root-free pieces=1 unresolved=0  p_k > 0 anywhere: False
n=10 k= 5 intercalate     t in [-1/10, 1/10]  root-free pieces=1 unresolved=0  p_k > 0 anywhere: False
n=10 k= 6 intercalate     t in [-1/10, 1/10]  root-free pieces=1 unresolved=0  p_k > 0 anywhere: False
n=10 k= 7 intercalate     t in [-1/10, 1/10]  root-free pieces=1 unresolved=0  p_k > 0 anywhere: False
n=10 k= 8 intercalate     t in [-1/10, 1/10]  root-free pieces=1 unresolved=0  p_k > 0 anywhere: False
n=10 k= 9 intercalate     t in [-1/10, 1/10]  root-free pieces=1 unresolved=0  p_k > 0 anywhere: False
n=10 k= 5 blockJ:2+rest   t in [-1/4, 1]  root-free pieces=1 unresolved=0  p_k > 0 anywhere: False
n=10 k= 6 blockJ:2+rest   t in [-1/4, 1]  root-free pieces=1 unresolved=0  p_k > 0 anywhere: False
n=10 k= 7 blockJ:2+rest   t in [-1/4, 1]  root-free pieces=1 unresolved=0  p_k > 0 anywhere: False
n=10 k= 8 blockJ:2+rest   t in [-1/4, 1]  root-free pieces=1 unresolved=0  p_k > 0 anywhere: False
n=10 k= 9 blockJ:2+rest   t in [-1/4, 1]  root-free pieces=1 unresolved=0  p_k > 0 anywhere: False
n=11 k= 5 perm            t in [-1/10, 1]  root-free pieces=1 unresolved=0  p_k > 0 anywhere: False
n=11 k= 6 perm            t in [-1/10, 1]  root-free pieces=1 unresolved=0  p_k > 0 anywhere: False
n=11 k= 7 perm            t in [-1/10, 1]  root-free pieces=1 unresolved=0  p_k > 0 anywhere: False
n=11 k= 8 perm            t in [-1/10, 1]  root-free pieces=1 unresolved=0  p_k > 0 anywhere: False
n=11 k= 9 perm            t in [-1/10, 1]  root-free pieces=1 unresolved=0  p_k > 0 anywhere: False
n=11 k=10 perm            t in [-1/10, 1]  root-free pieces=1 unresolved=0  p_k > 0 anywhere: False
n=11 k= 5 circ-all-but-0  t in [-10, 1]  root-free pieces=1 unresolved=0  p_k > 0 anywhere: False
n=11 k= 6 circ-all-but-0  t in [-10, 1]  root-free pieces=1 unresolved=0  p_k > 0 anywhere: False
n=11 k= 7 circ-all-but-0  t in [-10, 1]  root-free pieces=1 unresolved=0  p_k > 0 anywhere: False
n=11 k= 8 circ-all-but-0  t in [-10, 1]  root-free pieces=1 unresolved=0  p_k > 0 anywhere: False
n=11 k= 9 circ-all-but-0  t in [-10, 1]  root-free pieces=1 unresolved=0  p_k > 0 anywhere: False
n=11 k=10 circ-all-but-0  t in [-10, 1]  root-free pieces=1 unresolved=0  p_k > 0 anywhere: False
n=11 k= 5 circ01          t in [-2/9, 1]  root-free pieces=1 unresolved=0  p_k > 0 anywhere: False
n=11 k= 6 circ01          t in [-2/9, 1]  root-free pieces=1 unresolved=0  p_k > 0 anywhere: False
n=11 k= 7 circ01          t in [-2/9, 1]  root-free pieces=1 unresolved=0  p_k > 0 anywhere: False
n=11 k= 8 circ01          t in [-2/9, 1]  root-free pieces=1 unresolved=0  p_k > 0 anywhere: False
n=11 k= 9 circ01          t in [-2/9, 1]  root-free pieces=1 unresolved=0  p_k > 0 anywhere: False
n=11 k=10 circ01          t in [-2/9, 1]  root-free pieces=1 unresolved=0  p_k > 0 anywhere: False
n=11 k= 5 intercalate     t in [-1/11, 1/11]  root-free pieces=1 unresolved=0  p_k > 0 anywhere: False
n=11 k= 6 intercalate     t in [-1/11, 1/11]  root-free pieces=1 unresolved=0  p_k > 0 anywhere: False
n=11 k= 7 intercalate     t in [-1/11, 1/11]  root-free pieces=1 unresolved=0  p_k > 0 anywhere: False
n=11 k= 8 intercalate     t in [-1/11, 1/11]  root-free pieces=1 unresolved=0  p_k > 0 anywhere: False
n=11 k= 9 intercalate     t in [-1/11, 1/11]  root-free pieces=1 unresolved=0  p_k > 0 anywhere: False
n=11 k=10 intercalate     t in [-1/11, 1/11]  root-free pieces=1 unresolved=0  p_k > 0 anywhere: False
n=11 k= 5 blockJ:2+rest   t in [-2/9, 1]  root-free pieces=1 unresolved=0  p_k > 0 anywhere: False
n=11 k= 6 blockJ:2+rest   t in [-2/9, 1]  root-free pieces=1 unresolved=0  p_k > 0 anywhere: False
n=11 k= 7 blockJ:2+rest   t in [-2/9, 1]  root-free pieces=1 unresolved=0  p_k > 0 anywhere: False
n=11 k= 8 blockJ:2+rest   t in [-2/9, 1]  root-free pieces=1 unresolved=0  p_k > 0 anywhere: False
n=11 k= 9 blockJ:2+rest   t in [-2/9, 1]  root-free pieces=1 unresolved=0  p_k > 0 anywhere: False
n=11 k=10 blockJ:2+rest   t in [-2/9, 1]  root-free pieces=1 unresolved=0  p_k > 0 anywhere: False
n=12 k= 5 perm            t in [-1/11, 1]  root-free pieces=1 unresolved=0  p_k > 0 anywhere: False
n=12 k= 6 perm            t in [-1/11, 1]  root-free pieces=1 unresolved=0  p_k > 0 anywhere: False
n=12 k= 7 perm            t in [-1/11, 1]  root-free pieces=1 unresolved=0  p_k > 0 anywhere: False
n=12 k= 8 perm            t in [-1/11, 1]  root-free pieces=1 unresolved=0  p_k > 0 anywhere: False
n=12 k= 9 perm            t in [-1/11, 1]  root-free pieces=1 unresolved=0  p_k > 0 anywhere: False
n=12 k=10 perm            t in [-1/11, 1]  root-free pieces=1 unresolved=0  p_k > 0 anywhere: False
n=12 k=11 perm            t in [-1/11, 1]  root-free pieces=1 unresolved=0  p_k > 0 anywhere: False
n=12 k= 5 circ-all-but-0  t in [-11, 1]  root-free pieces=1 unresolved=0  p_k > 0 anywhere: False
n=12 k= 6 circ-all-but-0  t in [-11, 1]  root-free pieces=1 unresolved=0  p_k > 0 anywhere: False
n=12 k= 7 circ-all-but-0  t in [-11, 1]  root-free pieces=1 unresolved=0  p_k > 0 anywhere: False
n=12 k= 8 circ-all-but-0  t in [-11, 1]  root-free pieces=1 unresolved=0  p_k > 0 anywhere: False
n=12 k= 9 circ-all-but-0  t in [-11, 1]  root-free pieces=1 unresolved=0  p_k > 0 anywhere: False
n=12 k=10 circ-all-but-0  t in [-11, 1]  root-free pieces=1 unresolved=0  p_k > 0 anywhere: False
n=12 k=11 circ-all-but-0  t in [-11, 1]  root-free pieces=1 unresolved=0  p_k > 0 anywhere: False
n=12 k= 5 circ01          t in [-1/5, 1]  root-free pieces=1 unresolved=0  p_k > 0 anywhere: False
n=12 k= 6 circ01          t in [-1/5, 1]  root-free pieces=1 unresolved=0  p_k > 0 anywhere: False
n=12 k= 7 circ01          t in [-1/5, 1]  root-free pieces=1 unresolved=0  p_k > 0 anywhere: False
n=12 k= 8 circ01          t in [-1/5, 1]  root-free pieces=1 unresolved=0  p_k > 0 anywhere: False
n=12 k= 9 circ01          t in [-1/5, 1]  root-free pieces=1 unresolved=0  p_k > 0 anywhere: False
n=12 k=10 circ01          t in [-1/5, 1]  root-free pieces=1 unresolved=0  p_k > 0 anywhere: False
n=12 k=11 circ01          t in [-1/5, 1]  root-free pieces=1 unresolved=0  p_k > 0 anywhere: False
n=12 k= 5 intercalate     t in [-1/12, 1/12]  root-free pieces=1 unresolved=0  p_k > 0 anywhere: False
n=12 k= 6 intercalate     t in [-1/12, 1/12]  root-free pieces=1 unresolved=0  p_k > 0 anywhere: False
n=12 k= 7 intercalate     t in [-1/12, 1/12]  root-free pieces=1 unresolved=0  p_k > 0 anywhere: False
n=12 k= 8 intercalate     t in [-1/12, 1/12]  root-free pieces=1 unresolved=0  p_k > 0 anywhere: False
n=12 k= 9 intercalate     t in [-1/12, 1/12]  root-free pieces=1 unresolved=0  p_k > 0 anywhere: False
n=12 k=10 intercalate     t in [-1/12, 1/12]  root-free pieces=1 unresolved=0  p_k > 0 anywhere: False
n=12 k=11 intercalate     t in [-1/12, 1/12]  root-free pieces=1 unresolved=0  p_k > 0 anywhere: False
n=12 k= 5 blockJ:2+rest   t in [-1/5, 1]  root-free pieces=1 unresolved=0  p_k > 0 anywhere: False
n=12 k= 6 blockJ:2+rest   t in [-1/5, 1]  root-free pieces=1 unresolved=0  p_k > 0 anywhere: False
n=12 k= 7 blockJ:2+rest   t in [-1/5, 1]  root-free pieces=1 unresolved=0  p_k > 0 anywhere: False
n=12 k= 8 blockJ:2+rest   t in [-1/5, 1]  root-free pieces=1 unresolved=0  p_k > 0 anywhere: False
n=12 k= 9 blockJ:2+rest   t in [-1/5, 1]  root-free pieces=1 unresolved=0  p_k > 0 anywhere: False
n=12 k=10 blockJ:2+rest   t in [-1/5, 1]  root-free pieces=1 unresolved=0  p_k > 0 anywhere: False
n=12 k=11 blockJ:2+rest   t in [-1/5, 1]  root-free pieces=1 unresolved=0  p_k > 0 anywhere: False

families with a positive value or unresolved piece: 0
VERDICT: p_k <= 0 on the whole admissible interval, every family, no grid assumption
