[guard] MemoryMax=3G  swap=off  CPUQuota=100%  threads=1
== (A) permutation pencils are all the same pencil ==
  n=6: identity / n-cycle / 2-cycle-product / mixed pencils identical: True
    n=6 k=5: p_k(t) = (-5/162) t^2 + (-5/162) t^3 + (-5/108) t^4 + (-7/162) t^5
        p_k on [-1/5, 1]: p(1) = -49/324, p(-1/5) = -1061/1012500
  n=7: identity / n-cycle / 2-cycle-product / mixed pencils identical: True
    n=7 k=5: p_k(t) = (-200/16807) t^2 + (-160/16807) t^3 + (-195/16807) t^4 + (-376/50421) t^5
        p_k on [-1/6, 1]: p(1) = -2041/50421, p(-1/6) = -57727/196036848
    n=7 k=6: p_k(t) = (-1800/117649) t^2 + (-1920/117649) t^3 + (-3510/117649) t^4 + (-4512/117649) t^5 + (-4345/117649) t^6
        p_k on [-1/6, 1]: p(1) = -16087/117649, p(-1/6) = -2021713/5489031744
  n=8: identity / n-cycle / 2-cycle-product / mixed pencils identical: True
    n=8 k=5: p_k(t) = (-75/14336) t^2 + (-25/7168) t^3 + (-15/4096) t^4 + (-13/7168) t^5
        p_k on [-1/7, 1]: p(1) = -407/28672, p(-1/7) = -47233/481890304
    n=8 k=6: p_k(t) = (-675/114688) t^2 + (-75/14336) t^3 + (-135/16384) t^4 + (-117/14336) t^5 + (-625/114688) t^6
        p_k on [-1/7, 1]: p(1) = -3781/114688, p(-1/7) = -1455253/13492928512
    n=8 k=7: p_k(t) = (-945/131072) t^2 + (-525/65536) t^3 + (-2205/131072) t^4 + (-819/32768) t^5 + (-4375/131072) t^6 + (-2109/65536) t^7
        p_k on [-1/7, 1]: p(1) = -16069/131072, p(-1/7) = -13983763/107943428096
  n=9: identity / n-cycle / 2-cycle-product / mixed pencils identical: True
    n=9 k=5: p_k(t) = (-50/19683) t^2 + (-200/137781) t^3 + (-125/91854) t^4 + (-76/137781) t^5
        p_k on [-1/8, 1]: p(1) = -1627/275562, p(-1/8) = -10489/282175488
    n=9 k=6: p_k(t) = (-50/19683) t^2 + (-800/413343) t^3 + (-125/45927) t^4 + (-304/137781) t^5 + (-1895/1653372) t^6
        p_k on [-1/8, 1]: p(1) = -17443/1653372, p(-1/8) = -15825511/433421549568
    n=9 k=7: p_k(t) = (-490/177147) t^2 + (-1400/531441) t^3 + (-875/177147) t^4 + (-1064/177147) t^5 + (-13265/2125764) t^6 + (-733/177147) t^7
        p_k on [-1/8, 1]: p(1) = -56809/2125764, p(-1/8) = -43598603/1114512556032
    n=9 k=8: p_k(t) = (-15680/4782969) t^2 + (-17920/4782969) t^3 + (-14000/1594323) t^4 + (-68096/4782969) t^5 + (-106120/4782969) t^6 + (-46912/1594323) t^7 + (-136409/4782969) t^8
        p_k on [-1/8, 1]: p(1) = -526961/4782969, p(-1/8) = -3666184409/80244904034304
  n=10: identity / n-cycle / 2-cycle-product / mixed pencils identical: True
    n=10 k=5: p_k(t) = (-1/750) t^2 + (-1/1500) t^3 + (-1/1750) t^4 + (-31/157500) t^5
        p_k on [-1/9, 1]: p(1) = -109/39375, p(-1/9) = -36341/2325054375
    n=10 k=6: p_k(t) = (-3/2500) t^2 + (-1/1250) t^3 + (-9/8750) t^4 + (-31/43750) t^5 + (-4/13125) t^6
        p_k on [-1/9, 1]: p(1) = -1061/262500, p(-1/9) = -1933901/139503262500
    n=10 k=7: p_k(t) = (-147/125000) t^2 + (-49/50000) t^3 + (-21/12500) t^4 + (-217/125000) t^5 + (-14/9375) t^6 + (-191/250000) t^7
        p_k on [-1/9, 1]: p(1) = -367/46875, p(-1/9) = -4006789/298935562500
    n=10 k=8: p_k(t) = (-98/78125) t^2 + (-98/78125) t^3 + (-42/15625) t^4 + (-868/234375) t^5 + (-224/46875) t^6 + (-382/78125) t^7 + (-4571/1406250) t^8
        p_k on [-1/9, 1]: p(1) = -30683/1406250, p(-1/9) = -854790443/60534451406250
    n=10 k=9: p_k(t) = (-567/390625) t^2 + (-1323/781250) t^3 + (-1701/390625) t^4 + (-5859/781250) t^5 + (-1008/78125) t^6 + (-15471/781250) t^7 + (-41139/1562500) t^8 + (-20003/781250) t^9
        p_k on [-1/9, 1]: p(1) = -155683/1562500, p(-1/9) = -9778988987/605344514062500

== (B) Hessian is a scalar on each isotypic piece ==
  n=6 k=5
    interaction  c_2/||d||^2 = -1/162 (constant across probes: True)
    row-effect   c_2/||d||^2 = -319/162 (constant across probes: True)
    col-effect   c_2/||d||^2 = -319/162 (constant across probes: True)
  n=7 k=5
    interaction  c_2/||d||^2 = -100/50421 (constant across probes: True)
    row-effect   c_2/||d||^2 = -83435/50421 (constant across probes: True)
    col-effect   c_2/||d||^2 = -83435/50421 (constant across probes: True)
  n=7 k=6
    interaction  c_2/||d||^2 = -300/117649 (constant across probes: True)
    row-effect   c_2/||d||^2 = -584645/235298 (constant across probes: True)
    col-effect   c_2/||d||^2 = -584645/235298 (constant across probes: True)
  n=8 k=5
    interaction  c_2/||d||^2 = -75/100352 (constant across probes: True)
    row-effect   c_2/||d||^2 = -2915/2048 (constant across probes: True)
    col-effect   c_2/||d||^2 = -2915/2048 (constant across probes: True)
  n=8 k=6
    interaction  c_2/||d||^2 = -675/802816 (constant across probes: True)
    row-effect   c_2/||d||^2 = -245085/114688 (constant across probes: True)
    col-effect   c_2/||d||^2 = -245085/114688 (constant across probes: True)
  n=8 k=7
    interaction  c_2/||d||^2 = -135/131072 (constant across probes: True)
    row-effect   c_2/||d||^2 = -392271/131072 (constant across probes: True)
    col-effect   c_2/||d||^2 = -392271/131072 (constant across probes: True)
  n=9 k=5
    interaction  c_2/||d||^2 = -25/78732 (constant across probes: True)
    row-effect   c_2/||d||^2 = -98215/78732 (constant across probes: True)
    col-effect   c_2/||d||^2 = -98215/78732 (constant across probes: True)
  n=9 k=6
    interaction  c_2/||d||^2 = -25/78732 (constant across probes: True)
    row-effect   c_2/||d||^2 = -294845/157464 (constant across probes: True)
    col-effect   c_2/||d||^2 = -294845/157464 (constant across probes: True)
  n=9 k=7
    interaction  c_2/||d||^2 = -245/708588 (constant across probes: True)
    row-effect   c_2/||d||^2 = -3716167/1417176 (constant across probes: True)
    col-effect   c_2/||d||^2 = -3716167/1417176 (constant across probes: True)
  n=9 k=8
    interaction  c_2/||d||^2 = -1960/4782969 (constant across probes: True)
    row-effect   c_2/||d||^2 = -33449423/9565938 (constant across probes: True)
    col-effect   c_2/||d||^2 = -33449423/9565938 (constant across probes: True)
  n=10 k=5
    interaction  c_2/||d||^2 = -1/6750 (constant across probes: True)
    row-effect   c_2/||d||^2 = -2497/2250 (constant across probes: True)
    col-effect   c_2/||d||^2 = -2497/2250 (constant across probes: True)
  n=10 k=6
    interaction  c_2/||d||^2 = -1/7500 (constant across probes: True)
    row-effect   c_2/||d||^2 = -12491/7500 (constant across probes: True)
    col-effect   c_2/||d||^2 = -12491/7500 (constant across probes: True)
  n=10 k=7
    interaction  c_2/||d||^2 = -49/375000 (constant across probes: True)
    row-effect   c_2/||d||^2 = -874559/375000 (constant across probes: True)
    col-effect   c_2/||d||^2 = -874559/375000 (constant across probes: True)
  n=10 k=8
    interaction  c_2/||d||^2 = -98/703125 (constant across probes: True)
    row-effect   c_2/||d||^2 = -2186618/703125 (constant across probes: True)
    col-effect   c_2/||d||^2 = -2186618/703125 (constant across probes: True)
  n=10 k=9
    interaction  c_2/||d||^2 = -63/390625 (constant across probes: True)
    row-effect   c_2/||d||^2 = -1561933/390625 (constant across probes: True)
    col-effect   c_2/||d||^2 = -1561933/390625 (constant across probes: True)

== (C) one exact gradient ascent step from named structured points ==
  n=7 k=5 perm:identity: p at start = -2041/50421, p_max along ascent = -101689048113264228374213289647219118648966328050612244443247411247/10468304147269949746103508654226528752961224170953593521272179093058002485136527821187195378663708373811200000 at s=162700282730118245252973/3689348814741910323200, ratio = 1.000000000
  n=7 k=5 circ-reg:all-but-0: p at start = -57727/196036848, p_max along ascent = -101689048113264228374213289647219118648966328050612244443247411247/10468304147269949746103508654226528752961224170953593521272179093058002485136527821187195378663708373811200000 at s=6589361450569788932787081/3689348814741910323200, ratio = 1.000000000
  n=7 k=5 circ-reg:0.1: p at start = -8167/1210104, p_max along ascent = -645501933119861472443931286231755633951757125756028011826944067284751237005216849829165686608647054723895/5145380854466125699204796573725423412655500904507110287575701467819869381494306154669930272520785939895681024 at s=11273385308983434487137/36893488147419103232, ratio = 0.999937049
  n=7 k=5 blockJ:2+rest: p at start = -86444/31513125, p_max along ascent = -16571379406934039521961377471079114450598307869690344938992533626233501818092327318723163991872217486622519121273269/6166639097656741338345864421639055141447913249693009113438743361197543310809648366429407731733857721271713792000000000 at s=179279796987516186840375/9149585060559937601536, ratio = 0.998651555
  n=7 k=5 triangular: p at start = -19972075/25815552, p_max along ascent = -19972075/25815552 at s=0, ratio = 0.611791575
  n=7 k=5 design:Fano: p at start = -32570/12252303, p_max along ascent = -21964834392465073328811548314003089105733467795175336450656829445/1628030660983422584514017665905309751660529583066702864428249292552380546488432806751032625289779926295117824 at s=5271489160455831146212995/6788401819125114994688, ratio = 1.000000000
  n=7 k=6 perm:identity: p at start = -16087/117649, p_max along ascent = -540239571545622441368733435582874215729492896135528834861395363356393535218277001724773/43255772557858798948509553139107447026991863461365647683101441969306118235988020690701311241506259403829936560878607464713420800000 at s=54233427576706081750991/5534023222112865484800, ratio = 1.000000000
  n=7 k=6 circ-reg:all-but-0: p at start = -2021713/5489031744, p_max along ascent = -540239571545622441368733435582874215729492896135528834861395363356393535218277001724773/43255772557858798948509553139107447026991863461365647683101441969306118235988020690701311241506259403829936560878607464713420800000 at s=2196453816856596310929027/1527620993604072243200, ratio = 1.000000000
  n=7 k=6 circ-reg:0.1: p at start = -71569/7529536, p_max along ascent = -4668876824108973911564091281935889443534566268436354355279811664552106556961033284678419381642628532674417945782436064968430428433/4635606626999614084845416788741796020553826245430989335037448770716104920694875331222277010620955440225258976431606595584000000000000 at s=5394601921642324517609/28823037615171174400, ratio = 0.999494866
  n=7 k=6 blockJ:2+rest: p at start = -385548/73530625, p_max along ascent = -6891775996849551835279378209325335153479445344118757124543178493598577408059326281857685483659808905850236252578000139182868786972421653/1358627501754907604035976566251664952333872515083916987766041541963357226090591841994909221150551759846284202676035627937355139163095040000 at s=1592817866390661950921875/177974186823149753991168, ratio = 0.997455914
  n=7 k=6 triangular: p at start = -521868663/481890304, p_max along ascent = -521868663/481890304 at s=0, ratio = 0.456857243
  n=7 k=6 design:Fano: p at start = -93952/28588707, p_max along ascent = -933533979630835578684121750467705380476422367645589373085597705362741565165559617684213/53817101985585603299777645633551921293102196844092684221407490040531900064486855822542943394232427699869053871582728263297849622528 at s=195240339276141894304185/295147905179352825856, ratio = 1.000000000
  n=8 k=5 perm:identity: p at start = -407/28672, p_max along ascent = 0 at s=784/5, ratio = 1.000000000
  n=8 k=5 circ-reg:all-but-0: p at start = -47233/481890304, p_max along ascent = 0 at s=1882384/355, ratio = 1.000000000
  n=8 k=5 circ-reg:0.1: p at start = -87/28672, p_max along ascent = -1458457945506391391511634364866042937700203725005490107234502322655165614634742658399496785565830346548789/75090244362505255412738834125780162334014495392448826996793112641640183278040188449135410582448167609958400000 at s=4027049517282619814371/4863887597560135680, ratio = 0.999990271
  n=8 k=5 blockJ:2+rest: p at start = -1705/1806336, p_max along ascent = -92972955599733977692061467812979977649630743667512847874915169249409892858895094460562023525684825557/99072820259164365027782584550490010831357487816657650152789407418636377008329007071863443314208080396288 at s=106969921660642765473/9907919180215091200, ratio = 0.999529924
  n=8 k=5 triangular: p at start = -392472293/564350976, p_max along ascent = -392472293/564350976 at s=0, ratio = 0.651642093
  n=8 k=7 perm:identity: p at start = -16069/131072, p_max along ascent = 0 at s=32/3, ratio = 1.000000000
  n=8 k=7 circ-reg:all-but-0: p at start = -13983763/107943428096, p_max along ascent = 0 at s=3764768/927, ratio = 1.000000000
  n=8 k=7 circ-reg:0.1: p at start = -709/131072, p_max along ascent = -709/131072 at s=0, ratio = 0.997292126
  n=8 k=7 blockJ:2+rest: p at start = -25685/10616832, p_max along ascent = -90783767909357968790154355532031529104855353633439160752596155030195784659959369106110035694243347859737121312693908904239344296979755825800477542439/37972072708018826921943681642116777680053880589355810548028745280004894613268624746452841088520017318233099001360125512958826468879165167956393984000000 at s=44694039042309280671/14411518807585587200, ratio = 0.998803160
  n=8 k=7 triangular: p at start = -264252742495/208971104256, p_max along ascent = -264252742495/208971104256 at s=0, ratio = 0.366968320
  n=9 k=5 perm:identity: p at start = -1627/275562, p_max along ascent = -281214157745323298219734475802288755133077313212900856760893439981/241089273689062532761574183483594391471780029886318162162543279937415787346151371262127095234730703139635200000 at s=836744311183465261302327/1844674407370955161600, ratio = 1.000000000
  n=9 k=5 circ-reg:all-but-0: p at start = -10489/282175488, p_max along ascent = -281214157745323298219734475802288755133077313212900856760893439981/241089273689062532761574183483594391471780029886318162162543279937415787346151371262127095234730703139635200000 at s=104593038897933157662153/7543529375845580800, ratio = 1.000000000
  n=9 k=5 circ-reg:0.1: p at start = -91073/61725888, p_max along ascent = -69214455847396349009247409219392522944926982626502116550917923905271051608229624237844662338056160681480062463/16987105019892529359155624173094657649153219947034374021317394027525328110949698215747363481408768831211857510400000 at s=1020825715816888725670227/507285462027012669440, ratio = 0.999997961
  n=9 k=5 blockJ:2+rest: p at start = -507545/1323248724, p_max along ascent = -4172604709406093368729136592403438048578710959042414059641920203785557319266941850737833912162582611130568245863439304223/10903083957097485376241226093668002138042495742870181510115405996326768760874607175561759277737381954949380289147908915200000 at s=13162766145125556629077443/523426363091508527104000, ratio = 0.999808456
  n=9 k=5 triangular: p at start = -8691569/13778100, p_max along ascent = -8691569/13778100 at s=0, ratio = 0.684266716
  n=9 k=8 perm:identity: p at start = -526961/4782969, p_max along ascent = -161958712353610906743093824762466947722168129757984022584961453553169102501203114868557611822168626906038853686058875681035434202329/107590826064862387299474692777841564827680681781136999483526438901898340906933628338059958556868203745657500340059504011132781585435907575446186844230537359495149282918400000000 at s=17076414513948270638823/1475739525896764129280, ratio = 1.000000000
  n=9 k=8 circ-reg:all-but-0: p at start = -3666184409/80244904034304, p_max along ascent = -161958712353610906743093824762466947722168129757984022584961453553169102501203114868557611822168626906038853686058875681035434202329/107590826064862387299474692777841564827680681781136999483526438901898340906933628338059958556868203745657500340059504011132781585435907575446186844230537359495149282918400000000 at s=14941862699704736808879/1304724477984112640, ratio = 1.000000000
  n=9 k=8 circ-reg:0.1: p at start = -3636089/1224440064, p_max along ascent = -3636089/1224440064 at s=0, ratio = 0.998514508
  n=9 k=8 blockJ:2+rest: p at start = -599587400/562711519881, p_max along ascent = -23130366775793876973910636193040276384700840208317741515096350894077874575130780137347849670771029373845813199599792720650424600717128312614046715718118799045328700221463235153127375/21806926915671545834191751913923887635163426251760996816674613613601598897656278915284452486407743470884828632676513085417629683975105575322359701814515037977072478614414090402323759104 at s=212264448318636713659611/43091594156185512574976, ratio = 0.999469407
  n=9 k=8 triangular: p at start = -2643845553257/1868347265625, p_max along ascent = -2643845553257/1868347265625 at s=0, ratio = 0.292132579
  ascent hits (p > 0): 0
