[guard] MemoryMax=3G  swap=off  CPUQuota=200%  threads=2
### n=6 k in [5] families=51
    [n=6 done 0.1s]
### n=7 k in [5, 6] families=83
    [n=7 done 0.7s]
### n=8 k in [5, 6, 7] families=148
    [n=8 done 2.9s]
### n=9 k in [5, 6, 7, 8] families=276
    [n=9 done 13.4s]
### n=10 k in [5, 6, 7, 8, 9] families=532
    [n=10 done 61.0s]
### n=11 k in [5, 6, 7, 8, 9, 10] families=252
    [n=11 done 119.8s]
### n=12 k in [5, 6, 7, 8, 9, 10, 11] families=320
    [n=12 done 300.5s]

records=8177 hits=0

TOP-20 structured POINTS (t=1) by Phi_k/M:
  0.999999260694  n=12 k=9 near-vertex:w=2  exact=580501690526274048/580502119694820895
  0.999999243497  n=12 k=8 near-vertex:w=2  exact=33490088999705088/33490114335060955
  0.999999219033  n=12 k=10 near-vertex:w=2  exact=9055879070410856448/9055886142758567827
  0.999999159735  n=12 k=7 near-vertex:w=2  exact=343480010813568/343480299428123
  0.999999114846  n=12 k=9 circ:0.1.2.3.4.5.6.7.8.9.10  exact=2346846753894912/2346848831218463
  0.999999114846  n=12 k=9 circ:0.1.2.3.4.5.6.7.8.9.11  exact=2346846753894912/2346848831218463
  0.999999114846  n=12 k=9 circ:0.1.2.3.4.5.6.7.8.10.11  exact=2346846753894912/2346848831218463
  0.999999114846  n=12 k=9 circ:0.1.2.3.4.5.6.7.9.10.11  exact=2346846753894912/2346848831218463
  0.999999114846  n=12 k=9 circ:0.1.2.3.4.5.6.8.9.10.11  exact=2346846753894912/2346848831218463
  0.999999114846  n=12 k=9 circ:0.1.2.3.4.5.7.8.9.10.11  exact=2346846753894912/2346848831218463
  0.999999114846  n=12 k=9 circ:0.1.2.3.4.6.7.8.9.10.11  exact=2346846753894912/2346848831218463
  0.999999114846  n=12 k=9 circ:0.1.2.3.5.6.7.8.9.10.11  exact=2346846753894912/2346848831218463
  0.999999114846  n=12 k=9 circ:0.1.2.4.5.6.7.8.9.10.11  exact=2346846753894912/2346848831218463
  0.999999114846  n=12 k=9 circ:0.1.3.4.5.6.7.8.9.10.11  exact=2346846753894912/2346848831218463
  0.999999114846  n=12 k=9 circ:0.2.3.4.5.6.7.8.9.10.11  exact=2346846753894912/2346848831218463
  0.999999112110  n=12 k=11 near-vertex:w=2  exact=128429130348861419520/128429244379917736567
  0.999999085285  n=12 k=10 circ:0.1.2.3.4.5.6.7.8.9.10  exact=1703820678861256704/1703822237373075523
  0.999999085285  n=12 k=10 circ:0.1.2.3.4.5.6.7.8.9.11  exact=1703820678861256704/1703822237373075523
  0.999999085285  n=12 k=10 circ:0.1.2.3.4.5.6.7.8.10.11  exact=1703820678861256704/1703822237373075523
  0.999999085285  n=12 k=10 circ:0.1.2.3.4.5.6.7.9.10.11  exact=1703820678861256704/1703822237373075523

VERDICT: no point with Phi_k > 2 - k!/n^k found
