[guard] MemoryMax=8G  swap=off  CPUQuota=200%  threads=4
graded_verify_ksk.py -- exact rational verification of KSK.md
mode: full

--- A. Theorem KSK-A: the minimum deviation on the zero face is 1/(n-1)^2 ---
    zero-face matrices tested: 181

--- B. the rank-one closed form and (KS_k) at T_n ---
    grid 3<=k<=n<=60: ratio (true gap)/(claim) in [1.33333 @ n=3,k=3, 1.99923 @ n=60,k=3]
    n=7, m=k=n: (true/U3 bound)^2 = 1.332e-18
    n=9, m=k=n: (true/U3 bound)^2 = 8.271e-29
    n=11, m=k=n: (true/U3 bound)^2 = 6.707e-40

--- C. (RAT): n k sigma_k >= (n-k+1)^2 sigma_{k-1} on Omega_n ---
    census: 690 matrices, n=3..8, all k; failures 0
    non-trivial equality cells: 6
      n=3 k=3: ('circ(0, 1)', 'circ(0, 2)')
      n=4 k=4: ('circ(0, 1)', 'circ(0, 3)')
      n=5 k=5: ('circ(0, 1)', 'circ(0, 2)', 'circ(0, 3)', 'circ(0, 4)')
      n=6 k=6: ('circ(0, 1)', 'circ(0, 5)')
      n=7 k=7: ('circ(0, 1)', 'circ(0, 2)', 'circ(0, 3)', 'circ(0, 4)', 'circ(0, 5)', 'circ(0, 6)')
      n=8 k=8: ('circ(0, 1)', 'circ(0, 3)', 'circ(0, 5)', 'circ(0, 7)')
    n_RAT(j) = least n at which (RAT) at layer j is PROVED from layer bounds
          mode j=3     j=4     j=5     j=6     j=7     j=8     j=9     j=10    j=11    j=12   
         paper 4       8       14      132     334     645     1079    1648    2362    3232   
            U4 10      66      210     465     845     1363    2028    2848    3833    4989   
            U5 6       12      35      61      121     194     314     465     677     940    
      paper+U5 4       8       14      34      99      170     292     443     656     920    

--- D. the assembly: (KS_k) from (RAT) + (LOC) ---
    zero-face matrices: 225
    k     n_LOC   N(k)=8k^2(k-2)^2   ratio
    3     5       72                 14x
    4     7       512                73x
    5     9       1800               200x
    6     11      4608               419x
    7     14      9800               700x
    8     16      18432              1152x
    9     18      31752              1764x
    10    20      51200              2560x
    11    22      78408              3564x
    12    24      115200             4800x
    23    51      1866312            36594x
    24    54      2230272            41301x
    25    56      2645000            47232x

--- E. payoff: which (k,n) the transferred Pang route reaches ---
       k     full     weak   n_LOC  collar Ntilde  MAXIMISER
       8     2464    34555      16            736       2464
       9      128      551      18           1111        128
      10       50      143      20           1583         50
      11       32       75      22           2160         32
      12       25       52      24           2850         25
      13       22       41      27              -         22
      14       20       35      29              -         20
      17       18       28      36              -         18
      18       18       27      38              -         18
      20       20       26      43          13552          -
      25       25       25      56              -          -
      30       30       30      70          47707          -

====================================================================
CLEAN RUN: 11116 checks, 0 failures

====================================================================
MUTATION CONTROLS (each fault must be caught at >= 2 positions)

--- A. Theorem KSK-A: the minimum deviation on the zero face is 1/(n-1)^2 ---
    zero-face matrices tested: 181

--- B. the rank-one closed form and (KS_k) at T_n ---
    grid 3<=k<=n<=60: ratio (true gap)/(claim) in [1.33333 @ n=3,k=3, 1.99923 @ n=60,k=3]
    n=7, m=k=n: (true/U3 bound)^2 = 1.332e-18
    n=9, m=k=n: (true/U3 bound)^2 = 8.271e-29
    n=11, m=k=n: (true/U3 bound)^2 = 6.707e-40

--- C. (RAT): n k sigma_k >= (n-k+1)^2 sigma_{k-1} on Omega_n ---
    census: 690 matrices, n=3..8, all k; failures 0
    non-trivial equality cells: 6
      n=3 k=3: ('circ(0, 1)', 'circ(0, 2)')
      n=4 k=4: ('circ(0, 1)', 'circ(0, 3)')
      n=5 k=5: ('circ(0, 1)', 'circ(0, 2)', 'circ(0, 3)', 'circ(0, 4)')
      n=6 k=6: ('circ(0, 1)', 'circ(0, 5)')
      n=7 k=7: ('circ(0, 1)', 'circ(0, 2)', 'circ(0, 3)', 'circ(0, 4)', 'circ(0, 5)', 'circ(0, 6)')
      n=8 k=8: ('circ(0, 1)', 'circ(0, 3)', 'circ(0, 5)', 'circ(0, 7)')
    n_RAT(j) = least n at which (RAT) at layer j is PROVED from layer bounds
          mode j=3     j=4     j=5     j=6     j=7     j=8     j=9     j=10    j=11    j=12   
         paper 4       8       14      132     334     645     1079    1648    2362    3232   
            U4 10      66      210     465     845     1363    2028    2848    3833    4989   
            U5 6       12      35      61      121     194     314     465     677     940    
      paper+U5 4       8       14      34      99      170     292     443     656     920    

--- D. the assembly: (KS_k) from (RAT) + (LOC) ---
    zero-face matrices: 225
    k     n_LOC   N(k)=8k^2(k-2)^2   ratio
    3     5       72                 14x
    4     7       512                73x
    5     9       1800               200x
    6     11      4608               419x
    7     14      9800               700x
    8     16      18432              1152x
    9     18      31752              1764x
    10    20      51200              2560x
    11    22      78408              3564x
    12    24      115200             4800x
    23    51      1866312            36594x
    24    54      2230272            41301x
    25    56      2645000            47232x

--- E. payoff: which (k,n) the transferred Pang route reaches ---
       k     full     weak   n_LOC  collar Ntilde  MAXIMISER
       8     2464    34555      16            736       2464
       9      128      551      18           1111        128
      10       50      143      20           1583         50
      11       32       75      22           2160         32
      12       25       52      24           2850         25
      13       22       41      27              -         22
      14       20       35      29              -         20
      17       18       28      36              -         18
      18       18       27      38              -         18
      20       20       26      43          13552          -
      25       25       25      56              -          -
      30       30       30      70          47707          -
  M1:    46 checks catch it at 2 distinct positions  -- inflate the zero-face deviation floor 1/(n-1)^2 by (1+1/n)

--- A. Theorem KSK-A: the minimum deviation on the zero face is 1/(n-1)^2 ---
    zero-face matrices tested: 181

--- B. the rank-one closed form and (KS_k) at T_n ---
    grid 3<=k<=n<=60: ratio (true gap)/(claim) in [0.66667 @ n=3,k=3, 0.99962 @ n=60,k=3]
    n=7, m=k=n: (true/U3 bound)^2 = 1.332e-18
    n=9, m=k=n: (true/U3 bound)^2 = 8.271e-29
    n=11, m=k=n: (true/U3 bound)^2 = 6.707e-40

--- C. (RAT): n k sigma_k >= (n-k+1)^2 sigma_{k-1} on Omega_n ---
    census: 690 matrices, n=3..8, all k; failures 0
    non-trivial equality cells: 6
      n=3 k=3: ('circ(0, 1)', 'circ(0, 2)')
      n=4 k=4: ('circ(0, 1)', 'circ(0, 3)')
      n=5 k=5: ('circ(0, 1)', 'circ(0, 2)', 'circ(0, 3)', 'circ(0, 4)')
      n=6 k=6: ('circ(0, 1)', 'circ(0, 5)')
      n=7 k=7: ('circ(0, 1)', 'circ(0, 2)', 'circ(0, 3)', 'circ(0, 4)', 'circ(0, 5)', 'circ(0, 6)')
      n=8 k=8: ('circ(0, 1)', 'circ(0, 3)', 'circ(0, 5)', 'circ(0, 7)')
    n_RAT(j) = least n at which (RAT) at layer j is PROVED from layer bounds
          mode j=3     j=4     j=5     j=6     j=7     j=8     j=9     j=10    j=11    j=12   
         paper 4       8       14      132     334     645     1079    1648    2362    3232   
            U4 10      66      210     465     845     1363    2028    2848    3833    4989   
            U5 6       12      35      61      121     194     314     465     677     940    
      paper+U5 4       8       14      34      99      170     292     443     656     920    

--- D. the assembly: (KS_k) from (RAT) + (LOC) ---
    zero-face matrices: 225
    k     n_LOC   N(k)=8k^2(k-2)^2   ratio
    3     5       72                 14x
    4     7       512                73x
    5     9       1800               200x
    6     11      4608               419x
    7     14      9800               700x
    8     16      18432              1152x
    9     18      31752              1764x
    10    20      51200              2560x
    11    22      78408              3564x
    12    24      115200             4800x
    23    51      1866312            36594x
    24    54      2230272            41301x
    25    56      2645000            47232x

--- E. payoff: which (k,n) the transferred Pang route reaches ---
       k     full     weak   n_LOC  collar Ntilde  MAXIMISER
       8     2464    34555      16            736       2464
       9      128      551      18           1111        128
      10       50      143      20           1583         50
      11       32       75      22           2160         32
      12       25       52      24           2850         25
      13       22       41      27              -         22
      14       20       35      29              -         20
      17       18       28      36              -         18
      18       18       27      38              -         18
      20       20       26      43          13552          -
      25       25       25      56              -          -
      30       30       30      70          47707          -
  M2:  1853 checks catch it at 4 distinct positions  -- double the claimed (KS_k) constant k(k-1)/4 -> k(k-1)/2

--- A. Theorem KSK-A: the minimum deviation on the zero face is 1/(n-1)^2 ---
    zero-face matrices tested: 181

--- B. the rank-one closed form and (KS_k) at T_n ---
    grid 3<=k<=n<=60: ratio (true gap)/(claim) in [1.33333 @ n=3,k=3, 1.99923 @ n=60,k=3]
    n=7, m=k=n: (true/U3 bound)^2 = 1.332e-18
    n=9, m=k=n: (true/U3 bound)^2 = 8.271e-29
    n=11, m=k=n: (true/U3 bound)^2 = 6.707e-40

--- C. (RAT): n k sigma_k >= (n-k+1)^2 sigma_{k-1} on Omega_n ---
    census: 690 matrices, n=3..8, all k; failures 2159
    non-trivial equality cells: 1
      n=6 k=3: ('circ(0, 1)', 'circ(0, 2)', 'circ(0, 3)', 'circ(0, 4)', 'circ(0, 5)', 'dsumJ[2, 2, 2]')
    n_RAT(j) = least n at which (RAT) at layer j is PROVED from layer bounds
          mode j=3     j=4     j=5     j=6     j=7     j=8     j=9     j=10    j=11    j=12   
         paper 4       8       14      132     334     645     1079    1648    2362    3232   
            U4 10      66      210     465     845     1363    2028    2848    3833    4989   
            U5 6       12      35      61      121     194     314     465     677     940    
      paper+U5 4       8       14      34      99      170     292     443     656     920    

--- D. the assembly: (KS_k) from (RAT) + (LOC) ---
    zero-face matrices: 225
    k     n_LOC   N(k)=8k^2(k-2)^2   ratio
    3     5       72                 14x
    4     7       512                73x
    5     9       1800               200x
    6     11      4608               419x
    7     14      9800               700x
    8     16      18432              1152x
    9     18      31752              1764x
    10    20      51200              2560x
    11    22      78408              3564x
    12    24      115200             4800x
    23    51      1866312            36594x
    24    54      2230272            41301x
    25    56      2645000            47232x

--- E. payoff: which (k,n) the transferred Pang route reaches ---
       k     full     weak   n_LOC  collar Ntilde  MAXIMISER
       8     2464    34555      16            736       2464
       9      128      551      18           1111        128
      10       50      143      20           1583         50
      11       32       75      22           2160         32
      12       25       52      24           2850         25
      13       22       41      27              -         22
      14       20       35      29              -         20
      17       18       28      36              -         18
      18       18       27      38              -         18
      20       20       26      43          13552          -
      25       25       25      56              -          -
      30       30       30      70          47707          -
  M3:  2370 checks catch it at 2 distinct positions  -- strengthen (RAT) by the factor (1+1/n)

--- A. Theorem KSK-A: the minimum deviation on the zero face is 1/(n-1)^2 ---
    zero-face matrices tested: 181

--- B. the rank-one closed form and (KS_k) at T_n ---
    grid 3<=k<=n<=60: ratio (true gap)/(claim) in [1.33333 @ n=3,k=3, 1.99923 @ n=60,k=3]
    n=7, m=k=n: (true/U3 bound)^2 = 1.332e-18
    n=9, m=k=n: (true/U3 bound)^2 = 8.271e-29
    n=11, m=k=n: (true/U3 bound)^2 = 6.707e-40

--- C. (RAT): n k sigma_k >= (n-k+1)^2 sigma_{k-1} on Omega_n ---
    census: 690 matrices, n=3..8, all k; failures 0
    non-trivial equality cells: 6
      n=3 k=3: ('circ(0, 1)', 'circ(0, 2)')
      n=4 k=4: ('circ(0, 1)', 'circ(0, 3)')
      n=5 k=5: ('circ(0, 1)', 'circ(0, 2)', 'circ(0, 3)', 'circ(0, 4)')
      n=6 k=6: ('circ(0, 1)', 'circ(0, 5)')
      n=7 k=7: ('circ(0, 1)', 'circ(0, 2)', 'circ(0, 3)', 'circ(0, 4)', 'circ(0, 5)', 'circ(0, 6)')
      n=8 k=8: ('circ(0, 1)', 'circ(0, 3)', 'circ(0, 5)', 'circ(0, 7)')
    n_RAT(j) = least n at which (RAT) at layer j is PROVED from layer bounds
          mode j=3     j=4     j=5     j=6     j=7     j=8     j=9     j=10    j=11    j=12   
         paper 4       8       14      132     334     645     1079    1648    2362    3232   
            U4 10      66      210     465     845     1363    2028    2848    3833    4989   
            U5 6       12      35      61      121     194     314     465     677     940    
      paper+U5 4       8       14      34      99      170     292     443     656     920    

--- D. the assembly: (KS_k) from (RAT) + (LOC) ---
    zero-face matrices: 225
    k     n_LOC   N(k)=8k^2(k-2)^2   ratio
    3     4       72                 18x
    4     6       512                85x
    5     8       1800               225x
    6     10      4608               461x
    7     13      9800               754x
    8     15      18432              1229x
    9     17      31752              1868x
    10    19      51200              2695x
    11    21      78408              3734x
    12    23      115200             5009x
    23    50      1866312            37326x
    24    53      2230272            42081x
    25    55      2645000            48091x

--- E. payoff: which (k,n) the transferred Pang route reaches ---
       k     full     weak   n_LOC  collar Ntilde  MAXIMISER
       8     2464    34555      15            736       2464
       9      128      551      17           1111        128
      10       50      143      19           1583         50
      11       32       75      21           2160         32
      12       25       52      23           2850         25
      13       22       41      26              -         22
      14       20       35      28              -         20
      17       18       28      35              -         18
      18       18       27      37              -         18
      20       20       26      42          13552          -
      25       25       25      55              -          -
      30       30       30      69          47707          -
  M4:    35 checks catch it at 2 distinct positions  -- lower n_LOC(k) by one

--- A. Theorem KSK-A: the minimum deviation on the zero face is 1/(n-1)^2 ---
    zero-face matrices tested: 181

--- B. the rank-one closed form and (KS_k) at T_n ---
    grid 3<=k<=n<=60: ratio (true gap)/(claim) in [1.33333 @ n=3,k=3, 1.99923 @ n=60,k=3]
    n=7, m=k=n: (true/U3 bound)^2 = 1.332e-18
    n=9, m=k=n: (true/U3 bound)^2 = 8.271e-29
    n=11, m=k=n: (true/U3 bound)^2 = 6.707e-40

--- C. (RAT): n k sigma_k >= (n-k+1)^2 sigma_{k-1} on Omega_n ---
    census: 690 matrices, n=3..8, all k; failures 0
    non-trivial equality cells: 6
      n=3 k=3: ('circ(0, 1)', 'circ(0, 2)')
      n=4 k=4: ('circ(0, 1)', 'circ(0, 3)')
      n=5 k=5: ('circ(0, 1)', 'circ(0, 2)', 'circ(0, 3)', 'circ(0, 4)')
      n=6 k=6: ('circ(0, 1)', 'circ(0, 5)')
      n=7 k=7: ('circ(0, 1)', 'circ(0, 2)', 'circ(0, 3)', 'circ(0, 4)', 'circ(0, 5)', 'circ(0, 6)')
      n=8 k=8: ('circ(0, 1)', 'circ(0, 3)', 'circ(0, 5)', 'circ(0, 7)')
    n_RAT(j) = least n at which (RAT) at layer j is PROVED from layer bounds
          mode j=3     j=4     j=5     j=6     j=7     j=8     j=9     j=10    j=11    j=12   
         paper 4       8       14      132     334     645     1079    1648    2362    3232   
            U4 10      66      210     465     845     1363    2028    2848    3833    4989   
            U5 6       12      35      61      121     194     314     465     677     940    
      paper+U5 4       8       14      34      99      170     292     443     656     920    

--- D. the assembly: (KS_k) from (RAT) + (LOC) ---
    zero-face matrices: 225
    k     n_LOC   N(k)=8k^2(k-2)^2   ratio
    3     5       72                 14x
    4     7       512                73x
    5     9       1800               200x
    6     11      4608               419x
    7     14      9800               700x
    8     16      18432              1152x
    9     18      31752              1764x
    10    20      51200              2560x
    11    22      78408              3564x
    12    24      115200             4800x
    23    51      1866312            36594x
    24    54      2230272            41301x
    25    56      2645000            47232x

--- E. payoff: which (k,n) the transferred Pang route reaches ---
       k     full     weak   n_LOC  collar Ntilde  MAXIMISER
       8     2464    34555      16            736       2464
       9      128      551      18           1111        128
      10       50      143      20           1583         50
      11       32       75      22           2160         32
      12       25       52      24           2850         25
      13       22       41      27              -         22
      14       20       35      29              -         20
      17       18       28      36              -         18
      18       18       27      38              -         18
      20       20       26      43          13552          -
      25       25       25      56              -          -
      30       30       30      70          47707          -
  M5:   100 checks catch it at 2 distinct positions  -- drop the (m-1)/m factor from the closed form of e_m(u)

====================================================================
RESULT: ALL CHECKS PASS
