[guard] MemoryMax=4G  swap=off  CPUQuota=150%  threads=2
e=3 ((3,),)                                  DSn5:0.56958  DSn6:0.62112  CEn5:0.60000  CEn6:0.66667
e=4 ((1, 1), (1, 1))                         DSn5:0.90792  DSn6:0.90983  CEn5:1.00000  CEn6:1.00000
e=4 ((2,), (2,))                             DSn5:0.65321  DSn6:0.69368  CEn5:0.80000  CEn6:0.83333
e=4 ((2, 2),)                                DSn5:0.58352  DSn6:0.68167  CEn5:0.80000  CEn6:0.83333
e=4 ((4,),)                                  DSn5:0.36135  DSn6:0.58333  CEn5:0.52000  CEn6:0.58333
e=5 ((0, 2), (2, 1))                         DSn5:0.37049  DSn6:0.13707  CEn5:0.45000  CEn6:0.37500
e=5 ((1, 1), (1, 2))                         DSn5:0.33700  DSn6:0.41307  CEn5:0.60000  CEn6:0.66667
e=5 ((2,), (3,))                             DSn5:0.31598  DSn6:0.40256  CEn5:0.48000  CEn6:0.55556
e=5 ((2, 3),)                                DSn5:0.35746  DSn6:0.54060  CEn5:0.48000  CEn6:0.55556
e=5 ((5,),)                                  DSn5:0.28999  DSn6:0.31944  CEn5:0.40800  CEn6:0.48148
e=6 ((0, 1, 1), (1, 0, 1), (1, 1, 0))        DSn5:1.00000  DSn6:0.66791  CEn5:1.00000  CEn6:1.00000
e=6 ((0, 1, 1), (2, 1, 1))                   DSn5:0.57498  DSn6:0.42241  CEn5:0.80000  CEn6:0.83333
e=6 ((0, 1, 2), (2, 1, 0))                   DSn5:0.16031  DSn6:0.32888  CEn5:0.10000  CEn6:0.53333
e=6 ((0, 2), (1, 1), (1, 1))                 DSn5:0.61563  DSn6:0.61440  CEn5:0.80000  CEn6:0.83333
e=6 ((0, 2), (1, 1), (2, 0))                 DSn5:0.41074  DSn6:0.39462  CEn5:0.45000  CEn6:0.22222
e=6 ((0, 2), (2, 2))                         DSn5:0.43688  DSn6:0.41584  CEn5:0.64000  CEn6:0.69444
e=6 ((0, 2), (3, 1))                         DSn5:0.23899  DSn6:0.30656  CEn5:0.21333  CEn6:0.37333
e=6 ((0, 3), (2, 1))                         DSn5:0.26372  DSn6:0.31067  CEn5:0.21333  CEn6:0.12500
e=6 ((1, 1), (1, 1), (1, 1))                 DSn5:0.33023  DSn6:0.46086  CEn5:0.60000  CEn6:0.66667
e=6 ((1, 1), (1, 3))                         DSn5:0.38085  DSn6:0.39769  CEn5:0.52000  CEn6:0.52732
e=6 ((1, 1), (2, 2))                         DSn5:0.16492  DSn6:0.20145  CEn5:0.36000  CEn6:0.44444
e=6 ((1, 1, 1), (1, 1, 1))                   DSn5:0.32417  DSn6:0.46519  CEn5:0.60000  CEn6:0.66667
e=6 ((1, 2), (1, 2))                         DSn5:0.24710  DSn6:0.30152  CEn5:0.36000  CEn6:0.44444
e=6 ((1, 2), (2, 1))                         DSn5:0.27372  DSn6:0.23416  CEn5:0.21000  CEn6:0.31644
e=6 ((2,), (2,), (2,))                       DSn5:0.64000  DSn6:0.44671  CEn5:0.64000  CEn6:0.69444
e=6 ((2,), (4,))                             DSn5:0.33538  DSn6:0.34738  CEn5:0.41600  CEn6:0.48611
e=6 ((2, 2, 2),)                             DSn5:0.64000  DSn6:0.43244  CEn5:0.64000  CEn6:0.69444
e=6 ((2, 4),)                                DSn5:0.27072  DSn6:0.27286  CEn5:0.41600  CEn6:0.48611
e=6 ((3,), (3,))                             DSn5:0.14470  DSn6:0.27617  CEn5:0.28800  CEn6:0.31019
e=6 ((3, 3),)                                DSn5:0.22515  DSn6:0.25257  CEn5:0.28800  CEn6:0.37037
e=6 ((6,),)                                  DSn5:0.23659  DSn6:0.23382  CEn5:0.32800  CEn6:0.40201

WORST DS: 1.00000000 at e=6 ((0, 1, 1), (1, 0, 1), (1, 1, 0)) n=5
[[1. 0. 0. 0. 0.]
 [0. 1. 0. 0. 0.]
 [0. 0. 1. 0. 0.]
 [0. 0. 0. 1. 0.]
 [0. 0. 0. 0. 1.]]

WORST CE: 1.00000000 at e=4 ((1, 1), (1, 1)) n=5
[[ 0.3361  -0.08951  0.00679  0.01789 -0.27128]
 [ 0.48769 -0.02087 -0.07976 -0.03402 -0.35303]
 [-0.19534  0.58648 -0.44336 -0.30454  0.35676]
 [-0.48664 -0.2965   0.34048  0.20859  0.23406]
 [-0.14181 -0.17961  0.17585  0.11208  0.03349]]
