trusted verifier results/verify_subdittert.py loaded by path, unmodified

=== POSITIVE CONTROL at (k = 4, n = 5) ===
  dense (5,4) certificate loaded, 25 multiplier Grams of size 350  (5 s)
  dense route (no group theory): 7,875 monomials (9 s)
  n = 5: B = 350, N = 25 variables, 350 basis monomials (6 s to build)
  sigma_11 Gram H assembled 350x350 from the stored point
  (A1) all 25 transporters induce a BIJECTION of the 350 basis monomials, so every G_p = P_p H P_p^T exactly
       => positive definiteness of H implies it for all 25 multiplier Grams.  24 factorisations DEDUCED, none skipped.
  (A2) checking H against 7 generators of Stab((0,0)) over 122500 entries each
  (A2) H is EXACTLY invariant under Stab((0,0)): sigma_p is well defined and independent of which transporter is used
  conjugation verification complete in 6 s
  claim built from feasible witness: B = 350, orbit split 51 + 356 + 33, 23751 nonzero lambda coefficients  (6 s)
  streamed route (transporter relabelling): 7,875 monomials (9 s)
  CONTROL PASSED: streamed and dense expansions are IDENTICAL over Q
  CONTROL PASSED: identity holds at (k = 4, n = 5) over all 7875 monomials, the count NOTES §6.1a records
  control rejected (G0[0][0] shifted by 1e-6): identity broken, as required
  CONTROL PASSED: the 3-part partition reproduces the same 7875 monomials and the same verdict

=== (k = 4, n = 8) anchor checks [1] [2] [3] [5] [6] ===
  [2] bound 2 - 4!/8^4 = 1021/512 against the typed-in 1021/512: MATCH
  [1] sigma_k, direct subpermanents vs Ryser on per(A+xJ), 4 matrices: AGREE (1 s)
  n = 8: B = 2144, N = 64 variables, 2144 basis monomials (672 s to build)
  sigma_11 Gram H assembled 2144x2144 from the stored point
  (A1) all 64 transporters induce a BIJECTION of the 2144 basis monomials, so every G_p = P_p H P_p^T exactly
       => positive definiteness of H implies it for all 64 multiplier Grams.  63 factorisations DEDUCED, none skipped.
  (A2) checking H against 13 generators of Stab((0,0)) over 4596736 entries each
  (A2) H is EXACTLY invariant under Stab((0,0)): sigma_p is well defined and independent of which transporter is used
  conjugation verification complete in 687 s
  claim built from feasible witness: B = 2144, orbit split 51 + 356 + 33, 814385 nonzero lambda coefficients  (686 s)
  [3] building F(b) from the 1992 definition (trusted verifier)
      F built: 496,448 monomials (18 s)
      part 1/2: 253,752 certificate monomials, 253,752 of F, match  (897 s)
      part 2/2: 242,696 certificate monomials, 242,696 of F, match  (1752 s)
  [3] identity by FULL coefficient comparison over Q: certificate 496,448 monomials, F 496,448 monomials -> IDENTICAL
      certificate expanded and compared in 1752 s over 2 parts
  [6] F(0) = 0: F constant term 0; constant monomial excluded from all 2144 Gram basis entries: True
  [5] mutation tests (each must BREAK the identity)
      control rejected (G0[0][0] shifted by 1e-6)
      control rejected (H[0][0] shifted by 1e-6 (moves all n^2 multipliers))
      control rejected (lambda coefficient at () shifted by 1e-6)
      3 of 3 mutation controls correctly rejected

======================================================================
(k = 4, n = 8): ALL CHECKS PASS
    PASS  [2] bound
    PASS  [1] sigma_k two algorithms
    PASS  (A1)/(A2) conjugacy
    PASS  [3] identity
    PASS  [6] F(0) = 0
    PASS  [5] mutations
